15:22:56 **** Incremental Build of configuration Debug for project demo22_tim_pwm ****
make -j8 all 
arm-none-eabi-gcc "../Core/Src/main.c" -mcpu=cortex-m4 -std=gnu11 -g3 -DDEBUG -DUSE_HAL_DRIVER -DSTM32F407xx -c -I../Core/Inc -I../Drivers/STM32F4xx_HAL_Driver/Inc -I../Drivers/STM32F4xx_HAL_Driver/Inc/Legacy -I../Drivers/CMSIS/Device/ST/STM32F4xx/Include -I../Drivers/CMSIS/Include -O0 -ffunction-sections -fdata-sections -Wall -fstack-usage -MMD -MP -MF"Core/Src/main.d" -MT"Core/Src/main.o" --specs=nano.specs -mfpu=fpv4-sp-d16 -mfloat-abi=hard -mthumb -o "Core/Src/main.o"
arm-none-eabi-gcc -o "demo22_tim_pwm.elf" @"objects.list"   -mcpu=cortex-m4 -T"D:\DESD2022\2.MCPI\Labworks\day19\demo22_tim_pwm\STM32F407VGTX_FLASH.ld" --specs=nosys.specs -Wl,-Map="demo22_tim_pwm.map" -Wl,--gc-sections -static --specs=nano.specs -mfpu=fpv4-sp-d16 -mfloat-abi=hard -mthumb -Wl,--start-group -lc -lm -Wl,--end-group
Finished building target: demo22_tim_pwm.elf
 
arm-none-eabi-objdump -h -S  demo22_tim_pwm.elf  > "demo22_tim_pwm.list"
arm-none-eabi-objcopy  -O binary  demo22_tim_pwm.elf  "demo22_tim_pwm.bin"
arm-none-eabi-size   demo22_tim_pwm.elf 
   text	   data	    bss	    dec	    hex	filename
   9644	     20	   1644	  11308	   2c2c	demo22_tim_pwm.elf
Finished building: default.size.stdout
 
Finished building: demo22_tim_pwm.bin
 
Finished building: demo22_tim_pwm.list
 

15:22:59 Build Finished. 0 errors, 0 warnings. (took 2s.737ms)

