../Core/Src/main.c:69:6:led	16	static
../Core/Src/main.c:91:6:rtc	128	static
../Core/Src/main.c:111:6:HAL_GPIO_EXTI_Callback	24	static,ignoring_inline_asm
../Core/Src/main.c:124:5:main	80	static
../Core/Src/main.c:205:6:SystemClock_Config	88	static
../Core/Src/main.c:252:13:MX_RTC_Init	32	static
../Core/Src/main.c:316:13:MX_USART2_UART_Init	8	static
../Core/Src/main.c:349:13:MX_GPIO_Init	40	static
../Core/Src/main.c:395:6:StartDefaultTask	16	static
../Core/Src/main.c:413:6:StartTask02	16	static
../Core/Src/main.c:432:6:HAL_TIM_PeriodElapsedCallback	16	static
../Core/Src/main.c:449:6:Error_Handler	4	static,ignoring_inline_asm
