17:28:04 **** Incremental Build of configuration Debug for project can_loopback_uart ****
make -j8 all 
arm-none-eabi-gcc "../Core/Src/main.c" -mcpu=cortex-m4 -std=gnu11 -g3 -DDEBUG -DUSE_HAL_DRIVER -DSTM32F407xx -c -I../Core/Inc -I../Drivers/STM32F4xx_HAL_Driver/Inc -I../Drivers/STM32F4xx_HAL_Driver/Inc/Legacy -I../Drivers/CMSIS/Device/ST/STM32F4xx/Include -I../Drivers/CMSIS/Include -O0 -ffunction-sections -fdata-sections -Wall -fstack-usage -MMD -MP -MF"Core/Src/main.d" -MT"Core/Src/main.o" --specs=nano.specs -mfpu=fpv4-sp-d16 -mfloat-abi=hard -mthumb -o "Core/Src/main.o"
../Core/Src/main.c: In function 'HAL_CAN_RxFifo0MsgPendingCallback':
../Core/Src/main.c:305:10: warning: assignment to 'char' from 'uint8_t *' {aka 'unsigned char *'} makes integer from pointer without a cast [-Wint-conversion]
  305 |   str[i] = RxData;
      |          ^
arm-none-eabi-gcc -o "can_loopback_uart.elf" @"objects.list"   -mcpu=cortex-m4 -T"D:\DESD2022\2.MCPI\Labworks\day17\can_loopback_uart\STM32F407VGTX_FLASH.ld" --specs=nosys.specs -Wl,-Map="can_loopback_uart.map" -Wl,--gc-sections -static --specs=nano.specs -mfpu=fpv4-sp-d16 -mfloat-abi=hard -mthumb -Wl,--start-group -lc -lm -Wl,--end-group
Finished building target: can_loopback_uart.elf
 
arm-none-eabi-objdump -h -S  can_loopback_uart.elf  > "can_loopback_uart.list"
arm-none-eabi-objcopy  -O binary  can_loopback_uart.elf  "can_loopback_uart.bin"
arm-none-eabi-size   can_loopback_uart.elf 
   text	   data	    bss	    dec	    hex	filename
  11132	     20	   1820	  12972	   32ac	can_loopback_uart.elf
Finished building: default.size.stdout
 
Finished building: can_loopback_uart.bin
 
Finished building: can_loopback_uart.list
 

17:28:06 Build Finished. 0 errors, 1 warnings. (took 2s.123ms)

