12:56:13 **** Incremental Build of configuration Debug for project quetion2 ****
make -j8 all 
arm-none-eabi-gcc "../Core/Src/main.c" -mcpu=cortex-m4 -std=gnu11 -g3 -DDEBUG -DUSE_HAL_DRIVER -DSTM32F407xx -c -I../Core/Inc -I../Drivers/STM32F4xx_HAL_Driver/Inc -I../Drivers/STM32F4xx_HAL_Driver/Inc/Legacy -I../Drivers/CMSIS/Device/ST/STM32F4xx/Include -I../Drivers/CMSIS/Include -O0 -ffunction-sections -fdata-sections -Wall -fstack-usage -MMD -MP -MF"Core/Src/main.d" -MT"Core/Src/main.o" --specs=nano.specs -mfpu=fpv4-sp-d16 -mfloat-abi=hard -mthumb -o "Core/Src/main.o"
arm-none-eabi-gcc -o "quetion2.elf" @"objects.list"   -mcpu=cortex-m4 -T"D:\DESD2022\2.MCPI\Labworks\day14\quetion2\STM32F407VGTX_FLASH.ld" --specs=nosys.specs -Wl,-Map="quetion2.map" -Wl,--gc-sections -static --specs=nano.specs -mfpu=fpv4-sp-d16 -mfloat-abi=hard -mthumb -Wl,--start-group -lc -lm -Wl,--end-group
Finished building target: quetion2.elf
 
arm-none-eabi-objdump -h -S  quetion2.elf  > "quetion2.list"
arm-none-eabi-objcopy  -O binary  quetion2.elf  "quetion2.bin"
arm-none-eabi-size   quetion2.elf 
   text	   data	    bss	    dec	    hex	filename
   6140	     20	   1572	   7732	   1e34	quetion2.elf
Finished building: default.size.stdout
 
Finished building: quetion2.bin
Finished building: quetion2.list
 
 

12:56:15 Build Finished. 0 errors, 0 warnings. (took 1s.632ms)

