../Core/Src/main.c:62:6:vBusyWaitTask	24	static,ignoring_inline_asm
../Core/Src/main.c:69:6:vHighPriTask	24	static
../Core/Src/main.c:83:6:vLowPriTask	24	static
../Core/Src/main.c:96:6:vUARTSend	24	static
../Core/Src/main.c:108:6:vYeildTask	24	static,ignoring_inline_asm
../Core/Src/main.c:128:5:main	56	static
../Core/Src/main.c:224:6:SystemClock_Config	88	static
../Core/Src/main.c:270:13:MX_USART2_UART_Init	8	static
../Core/Src/main.c:303:13:MX_GPIO_Init	16	static
../Core/Src/main.c:323:6:StartDefaultTask	16	static
../Core/Src/main.c:342:6:HAL_TIM_PeriodElapsedCallback	16	static
../Core/Src/main.c:359:6:Error_Handler	4	static,ignoring_inline_asm
